******************************************************************************
            TI ARM Clang Linker PC v2.1.3                      
******************************************************************************
>> Linked Wed Sep 13 11:28:25 2023

OUTPUT FILE NAME:   <TIDA_NEW_M0.out>
ENTRY POINT SYMBOL: "_c_int00_noargs"  address: 000010a1


MEMORY CONFIGURATION

         name            origin    length      used     unused   attr    fill
----------------------  --------  ---------  --------  --------  ----  --------
  FLASH                 00000000   00020000  00001228  0001edd8  R  X
  SRAM                  20200000   00008000  000003f4  00007c0c  RW X
  BCR_CONFIG            41c00000   00000080  00000000  00000080  R   
  BSL_CONFIG            41c00100   00000080  00000000  00000080  R   


SEGMENT ALLOCATION MAP

run origin  load origin   length   init length attrs members
----------  ----------- ---------- ----------- ----- -------
00000000    00000000    00001228   00001228    r-x
  00000000    00000000    000000c0   000000c0    r-- .intvecs
  000000c0    000000c0    000010a8   000010a8    r-x .text
  00001168    00001168    00000080   00000080    r-- .rodata
  000011e8    000011e8    00000040   00000040    r-- .cinit
20200000    20200000    000001f4   00000000    rw-
  20200000    20200000    000001b4   00000000    rw- .bss
  202001b4    202001b4    00000040   00000000    rw- .data
20207e00    20207e00    00000200   00000000    rw-
  20207e00    20207e00    00000200   00000000    rw- .stack


SECTION ALLOCATION MAP

 output                                  attributes/
section   page    origin      length       input sections
--------  ----  ----------  ----------   ----------------
.intvecs   0    00000000    000000c0     
                  00000000    000000c0     startup_mspm0g3507_ticlang.o (.intvecs)

.text      0    000000c0    000010a8     
                  000000c0    00000114     TIDA_NEW_M0.o (.text.TIMA0_IRQHandler)
                  000001d4    000000f4     ti_msp_dl_config.o (.text.SYSCFG_DL_GPIO_init)
                  000002c8    000000d4     driverlib.a : dl_timer.o (.text.DL_Timer_initPWMMode)
                  0000039c    000000d0     TIDA_NEW_M0.o (.text.ADC1_IRQHandler)
                  0000046c    000000cc     TIDA_NEW_M0.o (.text.GROUP1_IRQHandler)
                  00000538    000000c6     driverlib.a : dl_timer.o (.text.DL_TimerA_initPWMMode)
                  000005fe    00000002     startup_mspm0g3507_ticlang.o (.text.Default_Handler)
                  00000600    000000b8     driverlib.a : dl_sysctl_mspm0g1x0x_g3x0x.o (.text.DL_SYSCTL_configSYSPLL)
                  000006b8    000000b4     TIDA_NEW_M0.o (.text.TIMG0_IRQHandler)
                  0000076c    0000009c     ti_msp_dl_config.o (.text.SYSCFG_DL_PWM_1_init)
                  00000808    0000009a     libc.a : memcpy16.S.obj (.text:memcpy)
                  000008a2    00000002     --HOLE-- [fill = 0]
                  000008a4    00000094     ti_msp_dl_config.o (.text.SYSCFG_DL_initPower)
                  00000938    00000090     ti_msp_dl_config.o (.text.SYSCFG_DL_ADC12_1_init)
                  000009c8    0000007c     ti_msp_dl_config.o (.text.SYSCFG_DL_COMP_0_init)
                  00000a44    00000070     ti_msp_dl_config.o (.text.SYSCFG_DL_ADC12_0_init)
                  00000ab4    0000006c     ti_msp_dl_config.o (.text.SYSCFG_DL_SYSCTL_init)
                  00000b20    0000006c     TIDA_NEW_M0.o (.text.main)
                  00000b8c    00000068     libc.a : copy_decompress_lzss.c.obj (.text:decompress:lzss)
                  00000bf4    0000004c     driverlib.a : dl_adc12.o (.text.DL_ADC12_setClockConfig)
                  00000c40    0000004c                 : dl_sysctl_mspm0g1x0x_g3x0x.o (.text.DL_SYSCTL_switchMCLKfromSYSOSCtoHSCLK)
                  00000c8c    0000004c     ti_msp_dl_config.o (.text.SYSCFG_DL_TIMER_0_init)
                  00000cd8    00000048     ti_msp_dl_config.o (.text.SYSCFG_DL_init)
                  00000d20    00000044     driverlib.a : dl_timer.o (.text.DL_Timer_initTimerMode)
                  00000d64    00000040                 : dl_timer.o (.text.DL_Timer_setCaptureCompareOutCtl)
                  00000da4    0000003c     TIDA_NEW_M0.o (.text.ADC0_IRQHandler)
                  00000de0    0000003c     driverlib.a : dl_timer.o (.text.DL_Timer_setCaptureCompareCtl)
                  00000e1c    0000003c     libc.a : autoinit.c.obj (.text:__TI_auto_init_nobinit_nopinit)
                  00000e58    00000038     ti_msp_dl_config.o (.text.SYSCFG_DL_TIMER_1_init)
                  00000e90    00000034     driverlib.a : dl_timer.o (.text.DL_Timer_setCaptCompUpdateMethod)
                  00000ec4    00000034                 : dl_timer.o (.text.DL_Timer_setCaptureCompareAction)
                  00000ef8    00000034                 : dl_timer.o (.text.DL_Timer_setCaptureCompareInput)
                  00000f2c    00000034                 : dl_timer.o (.text.DL_Timer_setClockConfig)
                  00000f60    00000034                 : dl_vref.o (.text.DL_VREF_configReference)
                  00000f94    00000034     ti_msp_dl_config.o (.text.SYSCFG_DL_OPA_0_init)
                  00000fc8    00000034     ti_msp_dl_config.o (.text.SYSCFG_DL_OPA_1_init)
                  00000ffc    0000002c     driverlib.a : dl_timer.o (.text.DL_Timer_setCaptureCompareValue)
                  00001028    00000028                 : dl_adc12.o (.text.DL_Common_updateReg)
                  00001050    00000028                 : dl_sysctl_mspm0g1x0x_g3x0x.o (.text.DL_Common_updateReg)
                  00001078    00000028                 : dl_timer.o (.text.DL_Common_updateReg)
                  000010a0    00000028     libc.a : boot_cortex_m.c.obj (.text:_c_int00_noargs)
                  000010c8    00000018     driverlib.a : dl_sysctl_mspm0g1x0x_g3x0x.o (.text.DL_SYSCTL_setHSCLKSource)
                  000010e0    00000018                 : dl_timer.o (.text.DL_Timer_setLoadValue)
                  000010f8    00000014     ti_msp_dl_config.o (.text.SYSCFG_DL_VREF_init)
                  0000110c    00000014     libc.a : copy_zero_init.c.obj (.text:decompress:ZI:__TI_zero_init_nomemset)
                  00001120    00000012            : copy_decompress_none.c.obj (.text:decompress:none)
                  00001132    00000010     driverlib.a : dl_common.o (.text.DL_Common_delayCycles)
                  00001142    00000002     --HOLE-- [fill = 0]
                  00001144    0000000c                 : dl_sysctl_mspm0g1x0x_g3x0x.o (.text.DL_SYSCTL_getClockStatus)
                  00001150    00000008     libclang_rt.builtins.a : aeabi_memcpy.S.obj (.text)
                  00001158    00000004     startup_mspm0g3507_ticlang.o (.text.Reset_Handler)
                  0000115c    00000004     libc.a : pre_init.c.obj (.text._system_pre_init)
                  00001160    00000004            : exit.c.obj (.text:abort)
                  00001164    00000004     --HOLE-- [fill = 0]

.cinit     0    000011e8    00000040     
                  000011e8    0000001a     (.cinit..data.load) [load image, compression = lzss]
                  00001202    00000002     --HOLE-- [fill = 0]
                  00001204    0000000c     (__TI_handler_table)
                  00001210    00000008     (.cinit..bss.load) [load image, compression = zero_init]
                  00001218    00000010     (__TI_cinit_table)

.rodata    0    00001168    00000080     
                  00001168    00000028     ti_msp_dl_config.o (.rodata.gSYSPLLConfig)
                  00001190    00000014     ti_msp_dl_config.o (.rodata.gTIMER_0TimerConfig)
                  000011a4    00000014     ti_msp_dl_config.o (.rodata.gTIMER_1TimerConfig)
                  000011b8    0000000c     ti_msp_dl_config.o (.rodata.gVREFConfig)
                  000011c4    00000008     ti_msp_dl_config.o (.rodata.gADC12_0ClockConfig)
                  000011cc    00000008     ti_msp_dl_config.o (.rodata.gADC12_1ClockConfig)
                  000011d4    00000008     ti_msp_dl_config.o (.rodata.gPWM_1Config)
                  000011dc    00000003     ti_msp_dl_config.o (.rodata.gPWM_1ClockConfig)
                  000011df    00000003     ti_msp_dl_config.o (.rodata.gTIMER_0ClockConfig)
                  000011e2    00000003     ti_msp_dl_config.o (.rodata.gTIMER_1ClockConfig)
                  000011e5    00000003     --HOLE-- [fill = 0]

.init_array 
*          0    00000000    00000000     UNINITIALIZED

.binit     0    00000000    00000000     

.bss       0    20200000    000001b4     UNINITIALIZED
                  20200000    000000bc     (.common:gPWM_1Backup)
                  202000bc    000000bc     (.common:gTIMER_0Backup)
                  20200178    00000004     (.common:battery_voltage)
                  2020017c    00000004     (.common:battery_voltage_added)
                  20200180    00000004     (.common:battery_voltage_averaged)
                  20200184    00000004     (.common:load_current)
                  20200188    00000004     (.common:load_current_added)
                  2020018c    00000004     (.common:load_current_averaged)
                  20200190    00000004     (.common:output_current)
                  20200194    00000004     (.common:output_current_added)
                  20200198    00000004     (.common:output_current_averaged)
                  2020019c    00000004     (.common:panel_current)
                  202001a0    00000004     (.common:panel_current_added)
                  202001a4    00000004     (.common:panel_current_averaged)
                  202001a8    00000004     (.common:panel_voltage)
                  202001ac    00000004     (.common:panel_voltage_added)
                  202001b0    00000004     (.common:panel_voltage_averaged)

.data      0    202001b4    00000040     UNINITIALIZED
                  202001b4    00000004     TIDA_NEW_M0.o (.data.Duty)
                  202001b8    00000004     TIDA_NEW_M0.o (.data.MPPT_Direction)
                  202001bc    00000004     TIDA_NEW_M0.o (.data.MPPT_flag)
                  202001c0    00000004     TIDA_NEW_M0.o (.data.count_flag)
                  202001c4    00000004     TIDA_NEW_M0.o (.data.dutyChange)
                  202001c8    00000004     TIDA_NEW_M0.o (.data.high_prot_flag)
                  202001cc    00000004     TIDA_NEW_M0.o (.data.maxFlips)
                  202001d0    00000004     TIDA_NEW_M0.o (.data.panel_power)
                  202001d4    00000004     TIDA_NEW_M0.o (.data.prev_panel_power)
                  202001d8    00000004     TIDA_NEW_M0.o (.data.prot_count)
                  202001dc    00000004     TIDA_NEW_M0.o (.data.pwm_count1)
                  202001e0    00000004     TIDA_NEW_M0.o (.data.pwm_count)
                  202001e4    00000004     TIDA_NEW_M0.o (.data.pwm_en)
                  202001e8    00000004     TIDA_NEW_M0.o (.data.read_0_done)
                  202001ec    00000004     TIDA_NEW_M0.o (.data.read_1_done)
                  202001f0    00000004     TIDA_NEW_M0.o (.data.sample_count)

.stack     0    20207e00    00000200     UNINITIALIZED
                  20207e00    00000004     libc.a : boot_cortex_m.c.obj (.stack)
                  20207e04    000001fc     --HOLE--

__llvm_prf_cnts 
*          0    20200000    00000000     UNINITIALIZED

__llvm_prf_bits 
*          0    20200000    00000000     UNINITIALIZED

MODULE SUMMARY

       Module                         code   ro data   rw data
       ------                         ----   -------   -------
    .\
       TIDA_NEW_M0.o                  1036   0         124    
    +--+------------------------------+------+---------+---------+
       Total:                         1036   0         124    
                                                              
    .\syscfg\
       ti_msp_dl_config.o             1364   125       376    
    +--+------------------------------+------+---------+---------+
       Total:                         1364   125       376    
                                                              
    .\ticlang\
       startup_mspm0g3507_ticlang.o   6      192       0      
    +--+------------------------------+------+---------+---------+
       Total:                         6      192       0      
                                                              
    C:/ti/mspm0_sdk_1_00_01_03/source/ti/driverlib/lib/ticlang/m0p/mspm0g1x0x_g3x0x/driverlib.a
       dl_timer.o                     918    0         0      
       dl_sysctl_mspm0g1x0x_g3x0x.o   336    0         0      
       dl_adc12.o                     116    0         0      
       dl_vref.o                      52     0         0      
       dl_common.o                    16     0         0      
    +--+------------------------------+------+---------+---------+
       Total:                         1438   0         0      
                                                              
    C:\ti\ccs1230\ccs\tools\compiler\ti-cgt-armllvm_2.1.3.LTS\lib\armv6m-ti-none-eabi/c/libc.a
       memcpy16.S.obj                 154    0         0      
       copy_decompress_lzss.c.obj     104    0         0      
       autoinit.c.obj                 60     0         0      
       boot_cortex_m.c.obj            40     0         0      
       copy_zero_init.c.obj           20     0         0      
       copy_decompress_none.c.obj     18     0         0      
       exit.c.obj                     4      0         0      
       pre_init.c.obj                 4      0         0      
    +--+------------------------------+------+---------+---------+
       Total:                         404    0         0      
                                                              
    C:\ti\ccs1230\ccs\tools\compiler\ti-cgt-armllvm_2.1.3.LTS\lib\clang/14.0.6/lib/armv6m-ti-none-eabi/libclang_rt.builtins.a
       aeabi_memcpy.S.obj             8      0         0      
    +--+------------------------------+------+---------+---------+
       Total:                         8      0         0      
                                                              
       Stack:                         0      0         512    
       Linker Generated:              0      62        0      
    +--+------------------------------+------+---------+---------+
       Grand Total:                   4256   379       1012   


LINKER GENERATED COPY TABLES

__TI_cinit_table @ 00001218 records: 2, size/record: 8, table size: 16
	.data: load addr=000011e8, load size=0000001a bytes, run addr=202001b4, run size=00000040 bytes, compression=lzss
	.bss: load addr=00001210, load size=00000008 bytes, run addr=20200000, run size=000001b4 bytes, compression=zero_init


LINKER GENERATED HANDLER TABLE

__TI_handler_table @ 00001204 records: 3, size/record: 4, table size: 12
	index: 0, handler: __TI_decompress_lzss
	index: 1, handler: __TI_decompress_none
	index: 2, handler: __TI_zero_init


GLOBAL SYMBOLS: SORTED ALPHABETICALLY BY Name 

address   name                                 
-------   ----                                 
00000da5  ADC0_IRQHandler                      
0000039d  ADC1_IRQHandler                      
000005ff  AES_IRQHandler                       
00001160  C$$EXIT                              
000005ff  CANFD0_IRQHandler                    
000005ff  DAC0_IRQHandler                      
00000bf5  DL_ADC12_setClockConfig              
00001133  DL_Common_delayCycles                
00000601  DL_SYSCTL_configSYSPLL               
00000c41  DL_SYSCTL_switchMCLKfromSYSOSCtoHSCLK
00000539  DL_TimerA_initPWMMode                
000002c9  DL_Timer_initPWMMode                 
00000d21  DL_Timer_initTimerMode               
00000e91  DL_Timer_setCaptCompUpdateMethod     
00000ec5  DL_Timer_setCaptureCompareAction     
00000de1  DL_Timer_setCaptureCompareCtl        
00000ef9  DL_Timer_setCaptureCompareInput      
00000d65  DL_Timer_setCaptureCompareOutCtl     
00000ffd  DL_Timer_setCaptureCompareValue      
00000f2d  DL_Timer_setClockConfig              
00000f61  DL_VREF_configReference              
000005ff  DMA_IRQHandler                       
000005ff  Default_Handler                      
202001b4  Duty                                 
000005ff  GROUP0_IRQHandler                    
0000046d  GROUP1_IRQHandler                    
000005ff  HardFault_Handler                    
000005ff  I2C0_IRQHandler                      
000005ff  I2C1_IRQHandler                      
202001b8  MPPT_Direction                       
202001bc  MPPT_flag                            
000005ff  NMI_Handler                          
000005ff  PendSV_Handler                       
000005ff  RTC_IRQHandler                       
00001159  Reset_Handler                        
000005ff  SPI0_IRQHandler                      
000005ff  SPI1_IRQHandler                      
000005ff  SVC_Handler                          
00000a45  SYSCFG_DL_ADC12_0_init               
00000939  SYSCFG_DL_ADC12_1_init               
000009c9  SYSCFG_DL_COMP_0_init                
000001d5  SYSCFG_DL_GPIO_init                  
00000f95  SYSCFG_DL_OPA_0_init                 
00000fc9  SYSCFG_DL_OPA_1_init                 
0000076d  SYSCFG_DL_PWM_1_init                 
00000ab5  SYSCFG_DL_SYSCTL_init                
00000c8d  SYSCFG_DL_TIMER_0_init               
00000e59  SYSCFG_DL_TIMER_1_init               
000010f9  SYSCFG_DL_VREF_init                  
00000cd9  SYSCFG_DL_init                       
000008a5  SYSCFG_DL_initPower                  
000005ff  SysTick_Handler                      
000000c1  TIMA0_IRQHandler                     
000005ff  TIMA1_IRQHandler                     
000006b9  TIMG0_IRQHandler                     
000005ff  TIMG12_IRQHandler                    
000005ff  TIMG6_IRQHandler                     
000005ff  TIMG7_IRQHandler                     
000005ff  TIMG8_IRQHandler                     
000005ff  UART0_IRQHandler                     
000005ff  UART1_IRQHandler                     
000005ff  UART2_IRQHandler                     
000005ff  UART3_IRQHandler                     
20208000  __STACK_END                          
00000200  __STACK_SIZE                         
00001218  __TI_CINIT_Base                      
00001228  __TI_CINIT_Limit                     
00001228  __TI_CINIT_Warm                      
00001204  __TI_Handler_Table_Base              
00001210  __TI_Handler_Table_Limit             
00000e1d  __TI_auto_init_nobinit_nopinit       
00000b8d  __TI_decompress_lzss                 
00001121  __TI_decompress_none                 
ffffffff  __TI_pprof_out_hndl                  
ffffffff  __TI_prof_data_size                  
ffffffff  __TI_prof_data_start                 
00000000  __TI_static_base__                   
0000110d  __TI_zero_init_nomemset              
00001151  __aeabi_memcpy                       
00001151  __aeabi_memcpy4                      
00001151  __aeabi_memcpy8                      
ffffffff  __binit__                            
UNDEFED   __mpu_init                           
20207e00  __stack                              
20200000  __start___llvm_prf_bits              
20200000  __start___llvm_prf_cnts              
20200000  __stop___llvm_prf_bits               
20200000  __stop___llvm_prf_cnts               
000010a1  _c_int00_noargs                      
UNDEFED   _system_post_cinit                   
0000115d  _system_pre_init                     
00001161  abort                                
20200178  battery_voltage                      
2020017c  battery_voltage_added                
20200180  battery_voltage_averaged             
ffffffff  binit                                
202001c0  count_flag                           
202001c4  dutyChange                           
20200000  gPWM_1Backup                         
202000bc  gTIMER_0Backup                       
202001c8  high_prot_flag                       
00000000  interruptVectors                     
20200184  load_current                         
20200188  load_current_added                   
2020018c  load_current_averaged                
00000b21  main                                 
202001cc  maxFlips                             
00000809  memcpy                               
20200190  output_current                       
20200194  output_current_added                 
20200198  output_current_averaged              
2020019c  panel_current                        
202001a0  panel_current_added                  
202001a4  panel_current_averaged               
202001d0  panel_power                          
202001a8  panel_voltage                        
202001ac  panel_voltage_added                  
202001b0  panel_voltage_averaged               
202001d4  prev_panel_power                     
202001d8  prot_count                           
202001e0  pwm_count                            
202001dc  pwm_count1                           
202001e4  pwm_en                               
202001e8  read_0_done                          
202001ec  read_1_done                          
202001f0  sample_count                         


GLOBAL SYMBOLS: SORTED BY Symbol Address 

address   name                                 
-------   ----                                 
00000000  __TI_static_base__                   
00000000  interruptVectors                     
000000c1  TIMA0_IRQHandler                     
000001d5  SYSCFG_DL_GPIO_init                  
00000200  __STACK_SIZE                         
000002c9  DL_Timer_initPWMMode                 
0000039d  ADC1_IRQHandler                      
0000046d  GROUP1_IRQHandler                    
00000539  DL_TimerA_initPWMMode                
000005ff  AES_IRQHandler                       
000005ff  CANFD0_IRQHandler                    
000005ff  DAC0_IRQHandler                      
000005ff  DMA_IRQHandler                       
000005ff  Default_Handler                      
000005ff  GROUP0_IRQHandler                    
000005ff  HardFault_Handler                    
000005ff  I2C0_IRQHandler                      
000005ff  I2C1_IRQHandler                      
000005ff  NMI_Handler                          
000005ff  PendSV_Handler                       
000005ff  RTC_IRQHandler                       
000005ff  SPI0_IRQHandler                      
000005ff  SPI1_IRQHandler                      
000005ff  SVC_Handler                          
000005ff  SysTick_Handler                      
000005ff  TIMA1_IRQHandler                     
000005ff  TIMG12_IRQHandler                    
000005ff  TIMG6_IRQHandler                     
000005ff  TIMG7_IRQHandler                     
000005ff  TIMG8_IRQHandler                     
000005ff  UART0_IRQHandler                     
000005ff  UART1_IRQHandler                     
000005ff  UART2_IRQHandler                     
000005ff  UART3_IRQHandler                     
00000601  DL_SYSCTL_configSYSPLL               
000006b9  TIMG0_IRQHandler                     
0000076d  SYSCFG_DL_PWM_1_init                 
00000809  memcpy                               
000008a5  SYSCFG_DL_initPower                  
00000939  SYSCFG_DL_ADC12_1_init               
000009c9  SYSCFG_DL_COMP_0_init                
00000a45  SYSCFG_DL_ADC12_0_init               
00000ab5  SYSCFG_DL_SYSCTL_init                
00000b21  main                                 
00000b8d  __TI_decompress_lzss                 
00000bf5  DL_ADC12_setClockConfig              
00000c41  DL_SYSCTL_switchMCLKfromSYSOSCtoHSCLK
00000c8d  SYSCFG_DL_TIMER_0_init               
00000cd9  SYSCFG_DL_init                       
00000d21  DL_Timer_initTimerMode               
00000d65  DL_Timer_setCaptureCompareOutCtl     
00000da5  ADC0_IRQHandler                      
00000de1  DL_Timer_setCaptureCompareCtl        
00000e1d  __TI_auto_init_nobinit_nopinit       
00000e59  SYSCFG_DL_TIMER_1_init               
00000e91  DL_Timer_setCaptCompUpdateMethod     
00000ec5  DL_Timer_setCaptureCompareAction     
00000ef9  DL_Timer_setCaptureCompareInput      
00000f2d  DL_Timer_setClockConfig              
00000f61  DL_VREF_configReference              
00000f95  SYSCFG_DL_OPA_0_init                 
00000fc9  SYSCFG_DL_OPA_1_init                 
00000ffd  DL_Timer_setCaptureCompareValue      
000010a1  _c_int00_noargs                      
000010f9  SYSCFG_DL_VREF_init                  
0000110d  __TI_zero_init_nomemset              
00001121  __TI_decompress_none                 
00001133  DL_Common_delayCycles                
00001151  __aeabi_memcpy                       
00001151  __aeabi_memcpy4                      
00001151  __aeabi_memcpy8                      
00001159  Reset_Handler                        
0000115d  _system_pre_init                     
00001160  C$$EXIT                              
00001161  abort                                
00001204  __TI_Handler_Table_Base              
00001210  __TI_Handler_Table_Limit             
00001218  __TI_CINIT_Base                      
00001228  __TI_CINIT_Limit                     
00001228  __TI_CINIT_Warm                      
20200000  __start___llvm_prf_bits              
20200000  __start___llvm_prf_cnts              
20200000  __stop___llvm_prf_bits               
20200000  __stop___llvm_prf_cnts               
20200000  gPWM_1Backup                         
202000bc  gTIMER_0Backup                       
20200178  battery_voltage                      
2020017c  battery_voltage_added                
20200180  battery_voltage_averaged             
20200184  load_current                         
20200188  load_current_added                   
2020018c  load_current_averaged                
20200190  output_current                       
20200194  output_current_added                 
20200198  output_current_averaged              
2020019c  panel_current                        
202001a0  panel_current_added                  
202001a4  panel_current_averaged               
202001a8  panel_voltage                        
202001ac  panel_voltage_added                  
202001b0  panel_voltage_averaged               
202001b4  Duty                                 
202001b8  MPPT_Direction                       
202001bc  MPPT_flag                            
202001c0  count_flag                           
202001c4  dutyChange                           
202001c8  high_prot_flag                       
202001cc  maxFlips                             
202001d0  panel_power                          
202001d4  prev_panel_power                     
202001d8  prot_count                           
202001dc  pwm_count1                           
202001e0  pwm_count                            
202001e4  pwm_en                               
202001e8  read_0_done                          
202001ec  read_1_done                          
202001f0  sample_count                         
20207e00  __stack                              
20208000  __STACK_END                          
ffffffff  __TI_pprof_out_hndl                  
ffffffff  __TI_prof_data_size                  
ffffffff  __TI_prof_data_start                 
ffffffff  __binit__                            
ffffffff  binit                                
UNDEFED   __mpu_init                           
UNDEFED   _system_post_cinit                   

[126 symbols]
