******************************************************************************
            TI ARM Clang Linker PC v2.1.3                      
******************************************************************************
>> Linked Mon Sep  4 10:01:46 2023

OUTPUT FILE NAME:   <tima_timer_mode_pwm_dead_band_LP_MSPM0G3507_nortos_ticlang.out>
ENTRY POINT SYMBOL: "_c_int00_noargs"  address: 00000d95


MEMORY CONFIGURATION

         name            origin    length      used     unused   attr    fill
----------------------  --------  ---------  --------  --------  ----  --------
  FLASH                 00000000   00020000  00000f48  0001f0b8  R  X
  SRAM                  20200000   00008000  00000387  00007c79  RW X
  BCR_CONFIG            41c00000   00000080  00000000  00000080  R   
  BSL_CONFIG            41c00100   00000080  00000000  00000080  R   


SEGMENT ALLOCATION MAP

run origin  load origin   length   init length attrs members
----------  ----------- ---------- ----------- ----- -------
00000000    00000000    00000f48   00000f48    r-x
  00000000    00000000    000000c0   000000c0    r-- .intvecs
  000000c0    000000c0    00000da8   00000da8    r-x .text
  00000e68    00000e68    000000b0   000000b0    r-- .rodata
  00000f18    00000f18    00000030   00000030    r-- .cinit
20200000    20200000    00000188   00000000    rw-
  20200000    20200000    0000017b   00000000    rw- .bss
  2020017c    2020017c    0000000c   00000000    rw- .data
20207e00    20207e00    00000200   00000000    rw-
  20207e00    20207e00    00000200   00000000    rw- .stack


SECTION ALLOCATION MAP

 output                                  attributes/
section   page    origin      length       input sections
--------  ----  ----------  ----------   ----------------
.intvecs   0    00000000    000000c0     
                  00000000    000000c0     startup_mspm0g3507_ticlang.o (.intvecs)

.text      0    000000c0    00000da8     
                  000000c0    000000dc     ti_msp_dl_config.o (.text.SYSCFG_DL_GPIO_init)
                  0000019c    000000d4     driverlib.a : dl_timer.o (.text.DL_Timer_initPWMMode)
                  00000270    000000c6                 : dl_timer.o (.text.DL_TimerA_initPWMMode)
                  00000336    00000002     startup_mspm0g3507_ticlang.o (.text.Default_Handler)
                  00000338    000000b8     driverlib.a : dl_sysctl_mspm0g1x0x_g3x0x.o (.text.DL_SYSCTL_configSYSPLL)
                  000003f0    0000009c     ti_msp_dl_config.o (.text.SYSCFG_DL_PWM_1_init)
                  0000048c    0000009a     libc.a : memcpy16.S.obj (.text:memcpy)
                  00000526    00000002     --HOLE-- [fill = 0]
                  00000528    00000090     ti_msp_dl_config.o (.text.SYSCFG_DL_ADC12_0_init)
                  000005b8    00000078     driverlib.a : dl_dac12.o (.text.DL_DAC12_init)
                  00000630    0000006c     ti_msp_dl_config.o (.text.SYSCFG_DL_SYSCTL_init)
                  0000069c    00000068     libc.a : copy_decompress_lzss.c.obj (.text:decompress:lzss)
                  00000704    00000060     ti_msp_dl_config.o (.text.SYSCFG_DL_initPower)
                  00000764    00000060     tima_timer_mode_pwm_dead_band.o (.text.TIMA0_IRQHandler)
                  000007c4    0000005c     tima_timer_mode_pwm_dead_band.o (.text.main)
                  00000820    00000054     driverlib.a : dl_dma.o (.text.DL_DMA_configTransfer)
                  00000874    0000004c                 : dl_adc12.o (.text.DL_ADC12_setClockConfig)
                  000008c0    0000004c                 : dl_sysctl_mspm0g1x0x_g3x0x.o (.text.DL_SYSCTL_switchMCLKfromSYSOSCtoHSCLK)
                  0000090c    00000046                 : dl_dma.o (.text.DL_DMA_initChannel)
                  00000952    00000002     --HOLE-- [fill = 0]
                  00000954    00000044                 : dl_timer.o (.text.DL_Timer_initTimerMode)
                  00000998    00000040                 : dl_timer.o (.text.DL_Timer_setCaptureCompareOutCtl)
                  000009d8    00000040     ti_msp_dl_config.o (.text.SYSCFG_DL_TIMER_0_init)
                  00000a18    00000040     ti_msp_dl_config.o (.text.SYSCFG_DL_init)
                  00000a58    0000003c     driverlib.a : dl_timer.o (.text.DL_Timer_setCaptureCompareCtl)
                  00000a94    0000003c     libc.a : autoinit.c.obj (.text:__TI_auto_init_nobinit_nopinit)
                  00000ad0    00000038     driverlib.a : dl_dma.o (.text.DL_DMA_setTrigger)
                  00000b08    00000034                 : dl_timer.o (.text.DL_Timer_setCaptCompUpdateMethod)
                  00000b3c    00000034                 : dl_timer.o (.text.DL_Timer_setCaptureCompareAction)
                  00000b70    00000034                 : dl_timer.o (.text.DL_Timer_setCaptureCompareInput)
                  00000ba4    00000034                 : dl_timer.o (.text.DL_Timer_setClockConfig)
                  00000bd8    00000034     ti_msp_dl_config.o (.text.SYSCFG_DL_DAC12_init)
                  00000c0c    00000034     ti_msp_dl_config.o (.text.SYSCFG_DL_OPA_0_init)
                  00000c40    00000030     driverlib.a : dl_dac12.o (.text.DL_DAC12_configDataFormat)
                  00000c70    00000030     ti_msp_dl_config.o (.text.SYSCFG_DL_SYSCTL_CLK_init)
                  00000ca0    0000002c     driverlib.a : dl_timer.o (.text.DL_Timer_setCaptureCompareValue)
                  00000ccc    00000028                 : dl_adc12.o (.text.DL_Common_updateReg)
                  00000cf4    00000028                 : dl_dac12.o (.text.DL_Common_updateReg)
                  00000d1c    00000028                 : dl_dma.o (.text.DL_Common_updateReg)
                  00000d44    00000028                 : dl_sysctl_mspm0g1x0x_g3x0x.o (.text.DL_Common_updateReg)
                  00000d6c    00000028                 : dl_timer.o (.text.DL_Common_updateReg)
                  00000d94    00000028     libc.a : boot_cortex_m.c.obj (.text:_c_int00_noargs)
                  00000dbc    00000018     driverlib.a : dl_sysctl_mspm0g1x0x_g3x0x.o (.text.DL_SYSCTL_setHSCLKSource)
                  00000dd4    00000018                 : dl_timer.o (.text.DL_Timer_setLoadValue)
                  00000dec    00000018     ti_msp_dl_config.o (.text.SYSCFG_DL_DMA_CH0_init)
                  00000e04    00000014     libc.a : copy_zero_init.c.obj (.text:decompress:ZI:__TI_zero_init_nomemset)
                  00000e18    00000012            : copy_decompress_none.c.obj (.text:decompress:none)
                  00000e2a    00000010     driverlib.a : dl_common.o (.text.DL_Common_delayCycles)
                  00000e3a    00000002     --HOLE-- [fill = 0]
                  00000e3c    0000000c                 : dl_sysctl_mspm0g1x0x_g3x0x.o (.text.DL_SYSCTL_getClockStatus)
                  00000e48    00000008     ti_msp_dl_config.o (.text.SYSCFG_DL_DMA_init)
                  00000e50    00000008     libclang_rt.builtins.a : aeabi_memcpy.S.obj (.text)
                  00000e58    00000004     startup_mspm0g3507_ticlang.o (.text.Reset_Handler)
                  00000e5c    00000004     libc.a : pre_init.c.obj (.text._system_pre_init)
                  00000e60    00000004            : exit.c.obj (.text:abort)
                  00000e64    00000004     --HOLE-- [fill = 0]

.cinit     0    00000f18    00000030     
                  00000f18    0000000c     (.cinit..data.load) [load image, compression = lzss]
                  00000f24    0000000c     (__TI_handler_table)
                  00000f30    00000008     (.cinit..bss.load) [load image, compression = zero_init]
                  00000f38    00000010     (__TI_cinit_table)

.rodata    0    00000e68    000000b0     
                  00000e68    00000028     ti_msp_dl_config.o (.rodata.gSYSPLLConfig)
                  00000e90    00000022     ti_msp_dl_config.o (.rodata..L__const.SYSCFG_DL_GPIO_init.unusedPinIndexes)
                  00000eb2    00000002     --HOLE-- [fill = 0]
                  00000eb4    00000020     ti_msp_dl_config.o (.rodata.gDAC12Config)
                  00000ed4    00000018     ti_msp_dl_config.o (.rodata.gDMA_CH0Config)
                  00000eec    00000014     ti_msp_dl_config.o (.rodata.gTIMER_0TimerConfig)
                  00000f00    00000008     ti_msp_dl_config.o (.rodata.gADC12_0ClockConfig)
                  00000f08    00000008     ti_msp_dl_config.o (.rodata.gPWM_1Config)
                  00000f10    00000003     ti_msp_dl_config.o (.rodata.gPWM_1ClockConfig)
                  00000f13    00000003     ti_msp_dl_config.o (.rodata.gTIMER_0ClockConfig)
                  00000f16    00000002     --HOLE-- [fill = 0]

.init_array 
*          0    00000000    00000000     UNINITIALIZED

.binit     0    00000000    00000000     

.bss       0    20200000    0000017b     UNINITIALIZED
                  20200000    000000bc     (.common:gPWM_1Backup)
                  202000bc    000000bc     (.common:gTIMER_0Backup)
                  20200178    00000002     (.common:gADCResult)
                  2020017a    00000001     (.common:gCheckADC)

.data      0    2020017c    0000000c     UNINITIALIZED
                  2020017c    00000004     tima_timer_mode_pwm_dead_band.o (.data.pwm_count1)
                  20200180    00000004     tima_timer_mode_pwm_dead_band.o (.data.pwm_count)
                  20200184    00000004     tima_timer_mode_pwm_dead_band.o (.data.pwm_en)

.stack     0    20207e00    00000200     UNINITIALIZED
                  20207e00    00000004     libc.a : boot_cortex_m.c.obj (.stack)
                  20207e04    000001fc     --HOLE--

__llvm_prf_cnts 
*          0    20200000    00000000     UNINITIALIZED

__llvm_prf_bits 
*          0    20200000    00000000     UNINITIALIZED

MODULE SUMMARY

       Module                            code   ro data   rw data
       ------                            ----   -------   -------
    .\
       tima_timer_mode_pwm_dead_band.o   188    0         15     
    +--+---------------------------------+------+---------+---------+
       Total:                            188    0         15     
                                                                 
    .\syscfg\
       ti_msp_dl_config.o                1036   172       376    
    +--+---------------------------------+------+---------+---------+
       Total:                            1036   172       376    
                                                                 
    .\ticlang\
       startup_mspm0g3507_ticlang.o      6      192       0      
    +--+---------------------------------+------+---------+---------+
       Total:                            6      192       0      
                                                                 
    C:/ti/mspm0_sdk_1_00_01_03/source/ti/driverlib/lib/ticlang/m0p/mspm0g1x0x_g3x0x/driverlib.a
       dl_timer.o                        918    0         0      
       dl_sysctl_mspm0g1x0x_g3x0x.o      336    0         0      
       dl_dma.o                          250    0         0      
       dl_dac12.o                        208    0         0      
       dl_adc12.o                        116    0         0      
       dl_common.o                       16     0         0      
    +--+---------------------------------+------+---------+---------+
       Total:                            1844   0         0      
                                                                 
    C:\ti\ccs1230\ccs\tools\compiler\ti-cgt-armllvm_2.1.3.LTS\lib\armv6m-ti-none-eabi/c/libc.a
       memcpy16.S.obj                    154    0         0      
       copy_decompress_lzss.c.obj        104    0         0      
       autoinit.c.obj                    60     0         0      
       boot_cortex_m.c.obj               40     0         0      
       copy_zero_init.c.obj              20     0         0      
       copy_decompress_none.c.obj        18     0         0      
       exit.c.obj                        4      0         0      
       pre_init.c.obj                    4      0         0      
    +--+---------------------------------+------+---------+---------+
       Total:                            404    0         0      
                                                                 
    C:\ti\ccs1230\ccs\tools\compiler\ti-cgt-armllvm_2.1.3.LTS\lib\clang/14.0.6/lib/armv6m-ti-none-eabi/libclang_rt.builtins.a
       aeabi_memcpy.S.obj                8      0         0      
    +--+---------------------------------+------+---------+---------+
       Total:                            8      0         0      
                                                                 
       Stack:                            0      0         512    
       Linker Generated:                 0      48        0      
    +--+---------------------------------+------+---------+---------+
       Grand Total:                      3486   412       903    


LINKER GENERATED COPY TABLES

__TI_cinit_table @ 00000f38 records: 2, size/record: 8, table size: 16
	.data: load addr=00000f18, load size=0000000c bytes, run addr=2020017c, run size=0000000c bytes, compression=lzss
	.bss: load addr=00000f30, load size=00000008 bytes, run addr=20200000, run size=0000017b bytes, compression=zero_init


LINKER GENERATED HANDLER TABLE

__TI_handler_table @ 00000f24 records: 3, size/record: 4, table size: 12
	index: 0, handler: __TI_decompress_lzss
	index: 1, handler: __TI_decompress_none
	index: 2, handler: __TI_zero_init


GLOBAL SYMBOLS: SORTED ALPHABETICALLY BY Name 

address   name                                 
-------   ----                                 
00000337  ADC0_IRQHandler                      
00000337  ADC1_IRQHandler                      
00000337  AES_IRQHandler                       
00000e60  C$$EXIT                              
00000337  CANFD0_IRQHandler                    
00000337  DAC0_IRQHandler                      
00000875  DL_ADC12_setClockConfig              
00000e2b  DL_Common_delayCycles                
000005b9  DL_DAC12_init                        
0000090d  DL_DMA_initChannel                   
00000339  DL_SYSCTL_configSYSPLL               
000008c1  DL_SYSCTL_switchMCLKfromSYSOSCtoHSCLK
00000271  DL_TimerA_initPWMMode                
0000019d  DL_Timer_initPWMMode                 
00000955  DL_Timer_initTimerMode               
00000b09  DL_Timer_setCaptCompUpdateMethod     
00000b3d  DL_Timer_setCaptureCompareAction     
00000a59  DL_Timer_setCaptureCompareCtl        
00000b71  DL_Timer_setCaptureCompareInput      
00000999  DL_Timer_setCaptureCompareOutCtl     
00000ca1  DL_Timer_setCaptureCompareValue      
00000ba5  DL_Timer_setClockConfig              
00000337  DMA_IRQHandler                       
00000337  Default_Handler                      
00000337  GROUP0_IRQHandler                    
00000337  GROUP1_IRQHandler                    
00000337  HardFault_Handler                    
00000337  I2C0_IRQHandler                      
00000337  I2C1_IRQHandler                      
00000337  NMI_Handler                          
00000337  PendSV_Handler                       
00000337  RTC_IRQHandler                       
00000e59  Reset_Handler                        
00000337  SPI0_IRQHandler                      
00000337  SPI1_IRQHandler                      
00000337  SVC_Handler                          
00000529  SYSCFG_DL_ADC12_0_init               
00000bd9  SYSCFG_DL_DAC12_init                 
00000ded  SYSCFG_DL_DMA_CH0_init               
00000e49  SYSCFG_DL_DMA_init                   
000000c1  SYSCFG_DL_GPIO_init                  
00000c0d  SYSCFG_DL_OPA_0_init                 
000003f1  SYSCFG_DL_PWM_1_init                 
00000c71  SYSCFG_DL_SYSCTL_CLK_init            
00000631  SYSCFG_DL_SYSCTL_init                
000009d9  SYSCFG_DL_TIMER_0_init               
00000a19  SYSCFG_DL_init                       
00000705  SYSCFG_DL_initPower                  
00000337  SysTick_Handler                      
00000765  TIMA0_IRQHandler                     
00000337  TIMA1_IRQHandler                     
00000337  TIMG0_IRQHandler                     
00000337  TIMG12_IRQHandler                    
00000337  TIMG6_IRQHandler                     
00000337  TIMG7_IRQHandler                     
00000337  TIMG8_IRQHandler                     
00000337  UART0_IRQHandler                     
00000337  UART1_IRQHandler                     
00000337  UART2_IRQHandler                     
00000337  UART3_IRQHandler                     
20208000  __STACK_END                          
00000200  __STACK_SIZE                         
00000f38  __TI_CINIT_Base                      
00000f48  __TI_CINIT_Limit                     
00000f48  __TI_CINIT_Warm                      
00000f24  __TI_Handler_Table_Base              
00000f30  __TI_Handler_Table_Limit             
00000a95  __TI_auto_init_nobinit_nopinit       
0000069d  __TI_decompress_lzss                 
00000e19  __TI_decompress_none                 
ffffffff  __TI_pprof_out_hndl                  
ffffffff  __TI_prof_data_size                  
ffffffff  __TI_prof_data_start                 
00000000  __TI_static_base__                   
00000e05  __TI_zero_init_nomemset              
00000e51  __aeabi_memcpy                       
00000e51  __aeabi_memcpy4                      
00000e51  __aeabi_memcpy8                      
ffffffff  __binit__                            
UNDEFED   __mpu_init                           
20207e00  __stack                              
20200000  __start___llvm_prf_bits              
20200000  __start___llvm_prf_cnts              
20200000  __stop___llvm_prf_bits               
20200000  __stop___llvm_prf_cnts               
00000d95  _c_int00_noargs                      
UNDEFED   _system_post_cinit                   
00000e5d  _system_pre_init                     
00000e61  abort                                
ffffffff  binit                                
20200178  gADCResult                           
2020017a  gCheckADC                            
20200000  gPWM_1Backup                         
202000bc  gTIMER_0Backup                       
00000000  interruptVectors                     
000007c5  main                                 
0000048d  memcpy                               
20200180  pwm_count                            
2020017c  pwm_count1                           
20200184  pwm_en                               


GLOBAL SYMBOLS: SORTED BY Symbol Address 

address   name                                 
-------   ----                                 
00000000  __TI_static_base__                   
00000000  interruptVectors                     
000000c1  SYSCFG_DL_GPIO_init                  
0000019d  DL_Timer_initPWMMode                 
00000200  __STACK_SIZE                         
00000271  DL_TimerA_initPWMMode                
00000337  ADC0_IRQHandler                      
00000337  ADC1_IRQHandler                      
00000337  AES_IRQHandler                       
00000337  CANFD0_IRQHandler                    
00000337  DAC0_IRQHandler                      
00000337  DMA_IRQHandler                       
00000337  Default_Handler                      
00000337  GROUP0_IRQHandler                    
00000337  GROUP1_IRQHandler                    
00000337  HardFault_Handler                    
00000337  I2C0_IRQHandler                      
00000337  I2C1_IRQHandler                      
00000337  NMI_Handler                          
00000337  PendSV_Handler                       
00000337  RTC_IRQHandler                       
00000337  SPI0_IRQHandler                      
00000337  SPI1_IRQHandler                      
00000337  SVC_Handler                          
00000337  SysTick_Handler                      
00000337  TIMA1_IRQHandler                     
00000337  TIMG0_IRQHandler                     
00000337  TIMG12_IRQHandler                    
00000337  TIMG6_IRQHandler                     
00000337  TIMG7_IRQHandler                     
00000337  TIMG8_IRQHandler                     
00000337  UART0_IRQHandler                     
00000337  UART1_IRQHandler                     
00000337  UART2_IRQHandler                     
00000337  UART3_IRQHandler                     
00000339  DL_SYSCTL_configSYSPLL               
000003f1  SYSCFG_DL_PWM_1_init                 
0000048d  memcpy                               
00000529  SYSCFG_DL_ADC12_0_init               
000005b9  DL_DAC12_init                        
00000631  SYSCFG_DL_SYSCTL_init                
0000069d  __TI_decompress_lzss                 
00000705  SYSCFG_DL_initPower                  
00000765  TIMA0_IRQHandler                     
000007c5  main                                 
00000875  DL_ADC12_setClockConfig              
000008c1  DL_SYSCTL_switchMCLKfromSYSOSCtoHSCLK
0000090d  DL_DMA_initChannel                   
00000955  DL_Timer_initTimerMode               
00000999  DL_Timer_setCaptureCompareOutCtl     
000009d9  SYSCFG_DL_TIMER_0_init               
00000a19  SYSCFG_DL_init                       
00000a59  DL_Timer_setCaptureCompareCtl        
00000a95  __TI_auto_init_nobinit_nopinit       
00000b09  DL_Timer_setCaptCompUpdateMethod     
00000b3d  DL_Timer_setCaptureCompareAction     
00000b71  DL_Timer_setCaptureCompareInput      
00000ba5  DL_Timer_setClockConfig              
00000bd9  SYSCFG_DL_DAC12_init                 
00000c0d  SYSCFG_DL_OPA_0_init                 
00000c71  SYSCFG_DL_SYSCTL_CLK_init            
00000ca1  DL_Timer_setCaptureCompareValue      
00000d95  _c_int00_noargs                      
00000ded  SYSCFG_DL_DMA_CH0_init               
00000e05  __TI_zero_init_nomemset              
00000e19  __TI_decompress_none                 
00000e2b  DL_Common_delayCycles                
00000e49  SYSCFG_DL_DMA_init                   
00000e51  __aeabi_memcpy                       
00000e51  __aeabi_memcpy4                      
00000e51  __aeabi_memcpy8                      
00000e59  Reset_Handler                        
00000e5d  _system_pre_init                     
00000e60  C$$EXIT                              
00000e61  abort                                
00000f24  __TI_Handler_Table_Base              
00000f30  __TI_Handler_Table_Limit             
00000f38  __TI_CINIT_Base                      
00000f48  __TI_CINIT_Limit                     
00000f48  __TI_CINIT_Warm                      
20200000  __start___llvm_prf_bits              
20200000  __start___llvm_prf_cnts              
20200000  __stop___llvm_prf_bits               
20200000  __stop___llvm_prf_cnts               
20200000  gPWM_1Backup                         
202000bc  gTIMER_0Backup                       
20200178  gADCResult                           
2020017a  gCheckADC                            
2020017c  pwm_count1                           
20200180  pwm_count                            
20200184  pwm_en                               
20207e00  __stack                              
20208000  __STACK_END                          
ffffffff  __TI_pprof_out_hndl                  
ffffffff  __TI_prof_data_size                  
ffffffff  __TI_prof_data_start                 
ffffffff  __binit__                            
ffffffff  binit                                
UNDEFED   __mpu_init                           
UNDEFED   _system_post_cinit                   

[100 symbols]
